// Jest Snapshot v1, https://goo.gl/fbAQLP

exports[`renders correctly 1`] = `
<button
  className=""
  disabled={false}
  type="button"
>
  Some Text
</button>
`;
